// Jest Snapshot v1, https://goo.gl/fbAQLP

exports[`renders the dom like the snapshot when the props have default values. 1`] = `
<div>
  <div
    className="modal-wrapper"
  >
    <div
      className="modal-backdrop fade in"
    />
    <div
      className="modal"
      id="Modal"
    >
      <div
        className="modal-header"
        id="ModalHeader"
      >
        <button
          className="close"
          data-dismiss="modal"
          onClick={[Function]}
          type="button"
        >
          <i
            className="icon-close"
          />
        </button>
        <h2
          className="module-title"
        />
        <p>
          <b />
        </p>
      </div>
      <div
        className="modal-footer"
        id="ModalFooter"
      >
        <table
          className="table table-striped"
        >
          <tbody>
            <tr>
              <td>
                <button
                  className="btnRecognize btn btn-primary btn-block flipButton"
                  onClick={[Function]}
                  type="button"
                />
              </td>
              <td>
                <button
                  className="btnRecognize btn default btn-block flipButton"
                  data-url={undefined}
                  onClick={[Function]}
                  type="button"
                />
              </td>
            </tr>
          </tbody>
        </table>
      </div>
    </div>
  </div>
</div>
`;
